// Jest Snapshot v1, https://goo.gl/fbAQLP

exports[`renders correctly 1`] = `
<div
  className="StyledBox-sc-13pk1d4-0 vtIgb"
  onBlur={[Function]}
  onClick={[Function]}
  onFocus={[Function]}
  onKeyDown={[Function]}
  tabIndex={0}
>
  <div
    className="StyledBox-sc-13pk1d4-0 cHMbYi"
  >
    <span
      className="StyledText-sc-1sadyjn-0 jOAXsc"
    >
      Cena
    </span>
  </div>
  <div
    className="StyledBox-sc-13pk1d4-0 gIKgZq"
  >
    <span
      className="StyledText-sc-1sadyjn-0 isVaoK"
      size="small"
    >
      -$
      150.00
    </span>
    <span
      className="StyledText-sc-1sadyjn-0 gNZQxf"
      size="small"
    >
      23:29
    </span>
  </div>
</div>
`;
