// Jest Snapshot v1, https://goo.gl/fbAQLP

exports[`renders correctly 1`] = `
<div
  className="StyledBox-sc-13pk1d4-0 hCTAHO"
>
  <div>
    Â¡Hola!
  </div>
</div>
`;
