// Jest Snapshot v1, https://goo.gl/fbAQLP

exports[`renders correctly 1`] = `
<div
  className="StyledBox-sc-13pk1d4-0 tkzRw"
>
  <div
    className="StyledBox-sc-13pk1d4-0 etTCZD"
  >
    <div
      className="StyledBox-sc-13pk1d4-0 itbAYy"
      style={
        Object {
          "position": "sticky",
          "top": 0,
        }
      }
    >
      <span
        className="StyledText-sc-1sadyjn-0 bnqisW"
      >
        17 de February
      </span>
      <div
        className="StyledBox-sc-13pk1d4-0 cgqXer"
      >
        <span
          className="StyledText-sc-1sadyjn-0 hLzlgx"
          size="small"
        >
          -$
          150.00
        </span>
      </div>
    </div>
    <div
      className="StyledBox-sc-13pk1d4-0 iLrjLl"
      onClick={[Function]}
    >
      <div
        className="StyledBox-sc-13pk1d4-0 dtolEv"
      >
        <span
          className="StyledText-sc-1sadyjn-0 jOAXsc"
        >
          Cena
        </span>
      </div>
      <div
        className="StyledBox-sc-13pk1d4-0 bqDjXT"
      >
        <span
          className="StyledText-sc-1sadyjn-0 isVaoK"
          size="small"
        >
          -$
          150.00
        </span>
        <span
          className="StyledText-sc-1sadyjn-0 gNZQxf"
          size="small"
        >
          06:38
        </span>
      </div>
    </div>
    <a
      className="StyledAnchor-sc-1rp7lwl-0 gxmhec"
      onBlur={[Function]}
      onClick={[Function]}
      onFocus={[Function]}
      style={
        Object {
          "textDecoration": "underline",
        }
      }
    >
      Ver m√°s gastos
    </a>
  </div>
</div>
`;
